// Jest Snapshot v1, https://goo.gl/fbAQLP

exports[`Indecision component check 1`] = `
<img alt="bg">
<div class="bg-dark"></div>
<div class="indecision-container"><input type="text" placeholder="A question">
  <p>Remember to end each question with a question mark (?)</p>
  <!--v-if-->
</div>
`;
